666
444
8
444
11
444
14
444
17
444
20
444
23
444
26
444
29
444
32
777
